** Drc report for board.kicad_pcb **
** Created on 2026-01-18T18:36:48+0100 **

** Found 4 DRC violations **
[starved_thermal]: Thermal relief connection to zone incomplete (layer F.Cu; zone min spoke count 2; actual 1)
    Local override; error
    @(168.7300 mm, 81.8200 mm): Zone [CPAD_2.2MM] on F.Cu, priority 0
    @(157.5300 mm, 92.9500 mm): Pad 2 [CPAD_2.2MM] of C7 on F.Cu
[starved_thermal]: Thermal relief connection to zone incomplete (layer F.Cu; zone min spoke count 2; actual 1)
    Local override; error
    @(168.7300 mm, 81.8200 mm): Zone [CPAD_2.2MM] on F.Cu, priority 0
    @(148.2000 mm, 101.4800 mm): Pad 2 [CPAD_2.2MM] of R19 on F.Cu
[starved_thermal]: Thermal relief connection to zone incomplete (layer F.Cu; zone min spoke count 2; actual 1)
    Local override; error
    @(168.7300 mm, 81.8200 mm): Zone [CPAD_2.2MM] on F.Cu, priority 0
    @(159.4800 mm, 103.1900 mm): Pad 2 [CPAD_2.2MM] of C11 on F.Cu
[starved_thermal]: Thermal relief connection to zone incomplete (layer F.Cu; zone min spoke count 2; actual 1)
    Local override; error
    @(168.7300 mm, 81.8200 mm): Zone [CPAD_2.2MM] on F.Cu, priority 0
    @(159.4700 mm, 105.3200 mm): Pad 2 [CPAD_2.2MM] of C10 on F.Cu

** Found 13 unconnected pads **
[unconnected_items]: Missing connection between items
    Local override; error
    @(146.8500 mm, 94.3400 mm): Pad 2 [CPAD_2.2MM] of R8 on F.Cu
    @(168.7300 mm, 81.8200 mm): Zone [CPAD_2.2MM] on F.Cu, priority 0
[unconnected_items]: Missing connection between items
    Local override; error
    @(153.6800 mm, 95.3400 mm): Pad 1 [CP1OUT] of U1 on F.Cu
    @(156.5300 mm, 94.0100 mm): Pad 2 [CP1OUT] of R1 on F.Cu
[unconnected_items]: Missing connection between items
    Local override; error
    @(156.5300 mm, 94.0100 mm): Pad 2 [CP1OUT] of R1 on F.Cu
    @(156.5300 mm, 92.9500 mm): Pad 1 [CP1OUT] of C7 on F.Cu
[unconnected_items]: Missing connection between items
    Local override; error
    @(162.1200 mm, 101.9200 mm): Pad 1 [CP1OUT] of CP1 on F.Cu
    @(156.5300 mm, 94.0100 mm): Pad 2 [CP1OUT] of R1 on F.Cu
[unconnected_items]: Missing connection between items
    Local override; error
    @(162.2200 mm, 105.5000 mm): Pad 1 [CP2OUT] of CP2 on F.Cu
    @(158.4800 mm, 104.2900 mm): Track [CP2OUT] on F.Cu, length 0.0283 mm
[unconnected_items]: Missing connection between items
    Local override; error
    @(146.8200 mm, 95.1800 mm): Pad 2 [Net-(L1-P$2)] of R5 on F.Cu
    @(145.6300 mm, 94.6800 mm): Pad 2 [Net-(L1-P$2)] of L1 on F.Cu
[unconnected_items]: Missing connection between items
    Local override; error
    @(146.8500 mm, 96.0700 mm): Pad 2 [Net-(L1-P$2)] of R6 on F.Cu
    @(146.8200 mm, 95.1800 mm): Pad 2 [Net-(L1-P$2)] of R5 on F.Cu
[unconnected_items]: Missing connection between items
    Local override; error
    @(156.5000 mm, 91.9100 mm): Track [Net-(U1-XTAL)] on F.Cu, length 0.0100 mm
    @(153.6800 mm, 94.3400 mm): Pad 3 [Net-(U1-XTAL)] of U1 on F.Cu
[unconnected_items]: Missing connection between items
    Local override; error
    @(160.3100 mm, 93.2800 mm): Track [/PLL_CLK] on F.Cu, length 1.9516 mm
    @(159.5500 mm, 101.4200 mm): Pad 1 [/PLL_CLK] of C12 on F.Cu
[unconnected_items]: Missing connection between items
    Local override; error
    @(144.0300 mm, 94.6800 mm): Pad 1 [Net-(L1-P$1)] of L1 on F.Cu
    @(145.1000 mm, 93.2900 mm): Pad 2 [Net-(L1-P$1)] of C2 on F.Cu
[unconnected_items]: Missing connection between items
    Local override; error
    @(145.1000 mm, 93.2900 mm): Pad 2 [Net-(L1-P$1)] of C2 on F.Cu
    @(142.9500 mm, 91.1700 mm): Pad 2 [Net-(L1-P$1)] of C1 on F.Cu
[unconnected_items]: Missing connection between items
    Local override; error
    @(157.5300 mm, 94.0100 mm): Pad 1 [Net-(R1-P$1)] of R1 on F.Cu
    @(157.5300 mm, 94.9900 mm): Pad 1 [Net-(R1-P$1)] of C6 on F.Cu
[unconnected_items]: Missing connection between items
    Local override; error
    @(158.4700 mm, 105.3200 mm): Pad 1 [Net-(R3-P$1)] of C10 on F.Cu
    @(159.4600 mm, 104.3100 mm): Pad 1 [Net-(R3-P$1)] of R3 on F.Cu

** Found 0 Footprint errors **

** End of Report **
